../Src/ili9341.c:64:6:sendSPI	16	static
../Src/ili9341.c:69:6:Delay	16	static
../Src/ili9341.c:74:13:RESET_L	8	static
../Src/ili9341.c:79:13:RESET_H	8	static
../Src/ili9341.c:84:13:CS_L	8	static
../Src/ili9341.c:89:13:DC_L	8	static
../Src/ili9341.c:94:13:DC_H	8	static
../Src/ili9341.c:99:13:CS_H	8	static
../Src/ili9341.c:106:6:ILI9341_Init	8	static
../Src/ili9341.c:230:7:ILI9341_SetWindow	32	static
../Src/ili9341.c:257:7:ILI9341_WritePixel	24	static
../Src/ili9341.c:271:6:ILI9341_FillScreen	24	static
../Src/ili9341.c:284:14:ConvHL	32	static,ignoring_inline_asm
../Src/ili9341.c:295:7:ILI9341_DrawBitmap	16	static
../Src/ili9341.c:307:7:ILI9341_DrawBitmapDMA	16	static
../Src/ili9341.c:318:6:ILI9341_EndOfDrawBitmap	8	static
../Src/ili9341.c:323:6:ILI9341_Reset	8	static
../Src/ili9341.c:334:6:ILI9341_SoftReset	8	static
../Src/ili9341.c:340:6:LCD_WR_REG	16	static
../Src/ili9341.c:348:13:LCD_WR_DATA	16	static
../Src/ili9341.c:356:13:LCD_direction	16	static
